node.exe : Failed to 
compile.
At C:\Program Files\no
dejs\npm.ps1:29 char:3
+   & $NODE_EXE 
$NPM_CLI_JS $args
+   ~~~~~~~~~~~~~~~~~~
~~~~~~~~~~~
    + CategoryInfo    
          : NotSpeci  
  fied: (Failed to    
 compile.:String)     
[], RemoteExcepti    
on
    + FullyQualifiedE 
   rrorId : NativeCo  
  mmandError
 

./src/components/ui/ba
dge.jsx
Module not found: 
Can't resolve 'class-v
ariance-authority'

https://nextjs.org/doc
s/messages/module-not-
found

Import trace for 
requested module:
./src/app/cth-panel/pa
ge.js

./src/components/ui/bu
tton.tsx
Module not found: 
Can't resolve 
'@radix-ui/react-slot'

https://nextjs.org/doc
s/messages/module-not-
found

Import trace for 
requested module:
./src/components/KursY
onetimFormu.tsx

./src/components/ui/bu
tton.tsx
Module not found: 
Can't resolve 'class-v
ariance-authority'

https://nextjs.org/doc
s/messages/module-not-
found

Import trace for 
requested module:
./src/components/KursY
onetimFormu.tsx

./src/components/ui/ch
eckbox.tsx
Module not found: 
Can't resolve '@radix-
ui/react-checkbox'

https://nextjs.org/doc
s/messages/module-not-
found

Import trace for 
requested module:
./src/components/KursY
onetimFormu.tsx

./src/components/ui/la
bel.tsx
Module not found: 
Can't resolve '@radix-
ui/react-label'

https://nextjs.org/doc
s/messages/module-not-
found

Import trace for 
requested module:
./src/components/KursY
onetimFormu.tsx


> Build failed 
because of webpack 
errors
